> Task :compileJava UP-TO-DATE
> Task :processResources UP-TO-DATE
> Task :classes UP-TO-DATE

> Task :compileTestJava
C:\Users\LENOVO\Documents\Berkas QA engineer\Bootcamp dibimbing.id\final Project Dibimbing\final-project-api-graphql\src\test\java\listeners\ExtentReportListener.java:249: error: unmappable character (0x90) for encoding windows-1252
                return "ðŸ”?";
                           ^
C:\Users\LENOVO\Documents\Berkas QA engineer\Bootcamp dibimbing.id\final Project Dibimbing\final-project-api-graphql\src\test\java\listeners\ExtentReportListener.java:255: error: unmappable character (0x8F) for encoding windows-1252
                return "ðŸ?¢";
                          ^
C:\Users\LENOVO\Documents\Berkas QA engineer\Bootcamp dibimbing.id\final Project Dibimbing\final-project-api-graphql\src\test\java\tests\training\UpdateTrainingTest.java:45: error: cannot find symbol
        inputMap.put("type", testData.type);
                                     ^
  symbol:   variable type
  location: variable testData of type UpdateTrainingTestData
C:\Users\LENOVO\Documents\Berkas QA engineer\Bootcamp dibimbing.id\final Project Dibimbing\final-project-api-graphql\src\test\java\tests\training\UpdateTrainingTest.java:46: error: cannot find symbol
        inputMap.put("isSequential", testData.isSequential);
                                             ^
  symbol:   variable isSequential
  location: variable testData of type UpdateTrainingTestData
4 errors

> Task :compileTestJava FAILED

[Incubating] Problems report is available at: file:///C:/Users/LENOVO/Documents/Berkas%20QA%20engineer/Bootcamp%20dibimbing.id/final%20Project%20Dibimbing/final-project-api-graphql/build/reports/problems/problems-report.html

FAILURE: Build failed with an exception.

* What went wrong:
Execution failed for task ':compileTestJava'.
> Compilation failed; see the compiler output below.
  C:\Users\LENOVO\Documents\Berkas QA engineer\Bootcamp dibimbing.id\final Project Dibimbing\final-project-api-graphql\src\test\java\tests\training\UpdateTrainingTest.java:45: error: cannot find symbol
          inputMap.put("type", testData.type);
                                       ^
    symbol:   variable type
    location: variable testData of type UpdateTrainingTestData
  C:\Users\LENOVO\Documents\Berkas QA engineer\Bootcamp dibimbing.id\final Project Dibimbing\final-project-api-graphql\src\test\java\tests\training\UpdateTrainingTest.java:46: error: cannot find symbol
          inputMap.put("isSequential", testData.isSequential);
                                               ^
    symbol:   variable isSequential
    location: variable testData of type UpdateTrainingTestData
  C:\Users\LENOVO\Documents\Berkas QA engineer\Bootcamp dibimbing.id\final Project Dibimbing\final-project-api-graphql\src\test\java\listeners\ExtentReportListener.java:249: error: unmappable character (0x90) for encoding windows-1252
                  return "ðŸ”?";
                             ^
  C:\Users\LENOVO\Documents\Berkas QA engineer\Bootcamp dibimbing.id\final Project Dibimbing\final-project-api-graphql\src\test\java\listeners\ExtentReportListener.java:255: error: unmappable character (0x8F) for encoding windows-1252
                  return "ðŸ?¢";
                            ^
  4 errors

* Try:
> Check your code and dependencies to fix the compilation error(s)
> Run with --scan to get full insights.

BUILD FAILED in 6s
3 actionable tasks: 1 executed, 2 up-to-date
